Archive member included to satisfy reference by file (symbol)

f:/iti_tools/01- embedded systems avr tools/01- imt sdk/imt_sdk_win_64/winarm/armgcc/bin/../lib/gcc/arm-none-eabi/7.2.1/../../../../arm-none-eabi/lib/thumb/v7e-m\libg_nano.a(lib_a-errno.o)
                              ./system/src/newlib/_sbrk.o (__errno)
f:/iti_tools/01- embedded systems avr tools/01- imt sdk/imt_sdk_win_64/winarm/armgcc/bin/../lib/gcc/arm-none-eabi/7.2.1/../../../../arm-none-eabi/lib/thumb/v7e-m\libg_nano.a(lib_a-impure.o)
                              f:/iti_tools/01- embedded systems avr tools/01- imt sdk/imt_sdk_win_64/winarm/armgcc/bin/../lib/gcc/arm-none-eabi/7.2.1/../../../../arm-none-eabi/lib/thumb/v7e-m\libg_nano.a(lib_a-errno.o) (_impure_ptr)
f:/iti_tools/01- embedded systems avr tools/01- imt sdk/imt_sdk_win_64/winarm/armgcc/bin/../lib/gcc/arm-none-eabi/7.2.1/../../../../arm-none-eabi/lib/thumb/v7e-m\libg_nano.a(lib_a-strlen.o)
                              ./system/src/diag/Trace.o (strlen)
f:/iti_tools/01- embedded systems avr tools/01- imt sdk/imt_sdk_win_64/winarm/armgcc/bin/../lib/gcc/arm-none-eabi/7.2.1/../../../../arm-none-eabi/lib/thumb/v7e-m\libg_nano.a(lib_a-vsnprintf.o)
                              ./system/src/diag/Trace.o (vsnprintf)
f:/iti_tools/01- embedded systems avr tools/01- imt sdk/imt_sdk_win_64/winarm/armgcc/bin/../lib/gcc/arm-none-eabi/7.2.1/../../../../arm-none-eabi/lib/thumb/v7e-m\libg_nano.a(lib_a-nano-svfprintf.o)
                              f:/iti_tools/01- embedded systems avr tools/01- imt sdk/imt_sdk_win_64/winarm/armgcc/bin/../lib/gcc/arm-none-eabi/7.2.1/../../../../arm-none-eabi/lib/thumb/v7e-m\libg_nano.a(lib_a-vsnprintf.o) (_svfprintf_r)
f:/iti_tools/01- embedded systems avr tools/01- imt sdk/imt_sdk_win_64/winarm/armgcc/bin/../lib/gcc/arm-none-eabi/7.2.1/../../../../arm-none-eabi/lib/thumb/v7e-m\libg_nano.a(lib_a-nano-vfprintf_i.o)
                              f:/iti_tools/01- embedded systems avr tools/01- imt sdk/imt_sdk_win_64/winarm/armgcc/bin/../lib/gcc/arm-none-eabi/7.2.1/../../../../arm-none-eabi/lib/thumb/v7e-m\libg_nano.a(lib_a-nano-svfprintf.o) (_printf_i)
f:/iti_tools/01- embedded systems avr tools/01- imt sdk/imt_sdk_win_64/winarm/armgcc/bin/../lib/gcc/arm-none-eabi/7.2.1/../../../../arm-none-eabi/lib/thumb/v7e-m\libg_nano.a(lib_a-memchr.o)
                              f:/iti_tools/01- embedded systems avr tools/01- imt sdk/imt_sdk_win_64/winarm/armgcc/bin/../lib/gcc/arm-none-eabi/7.2.1/../../../../arm-none-eabi/lib/thumb/v7e-m\libg_nano.a(lib_a-nano-svfprintf.o) (memchr)
f:/iti_tools/01- embedded systems avr tools/01- imt sdk/imt_sdk_win_64/winarm/armgcc/bin/../lib/gcc/arm-none-eabi/7.2.1/../../../../arm-none-eabi/lib/thumb/v7e-m\libg_nano.a(lib_a-memcpy-stub.o)
                              f:/iti_tools/01- embedded systems avr tools/01- imt sdk/imt_sdk_win_64/winarm/armgcc/bin/../lib/gcc/arm-none-eabi/7.2.1/../../../../arm-none-eabi/lib/thumb/v7e-m\libg_nano.a(lib_a-nano-svfprintf.o) (memcpy)
f:/iti_tools/01- embedded systems avr tools/01- imt sdk/imt_sdk_win_64/winarm/armgcc/bin/../lib/gcc/arm-none-eabi/7.2.1/../../../../arm-none-eabi/lib/thumb/v7e-m\libg_nano.a(lib_a-memmove.o)
                              f:/iti_tools/01- embedded systems avr tools/01- imt sdk/imt_sdk_win_64/winarm/armgcc/bin/../lib/gcc/arm-none-eabi/7.2.1/../../../../arm-none-eabi/lib/thumb/v7e-m\libg_nano.a(lib_a-nano-svfprintf.o) (memmove)
f:/iti_tools/01- embedded systems avr tools/01- imt sdk/imt_sdk_win_64/winarm/armgcc/bin/../lib/gcc/arm-none-eabi/7.2.1/../../../../arm-none-eabi/lib/thumb/v7e-m\libg_nano.a(lib_a-nano-freer.o)
                              f:/iti_tools/01- embedded systems avr tools/01- imt sdk/imt_sdk_win_64/winarm/armgcc/bin/../lib/gcc/arm-none-eabi/7.2.1/../../../../arm-none-eabi/lib/thumb/v7e-m\libg_nano.a(lib_a-nano-svfprintf.o) (_free_r)
f:/iti_tools/01- embedded systems avr tools/01- imt sdk/imt_sdk_win_64/winarm/armgcc/bin/../lib/gcc/arm-none-eabi/7.2.1/../../../../arm-none-eabi/lib/thumb/v7e-m\libg_nano.a(lib_a-nano-mallocr.o)
                              f:/iti_tools/01- embedded systems avr tools/01- imt sdk/imt_sdk_win_64/winarm/armgcc/bin/../lib/gcc/arm-none-eabi/7.2.1/../../../../arm-none-eabi/lib/thumb/v7e-m\libg_nano.a(lib_a-nano-svfprintf.o) (_malloc_r)
f:/iti_tools/01- embedded systems avr tools/01- imt sdk/imt_sdk_win_64/winarm/armgcc/bin/../lib/gcc/arm-none-eabi/7.2.1/../../../../arm-none-eabi/lib/thumb/v7e-m\libg_nano.a(lib_a-nano-reallocr.o)
                              f:/iti_tools/01- embedded systems avr tools/01- imt sdk/imt_sdk_win_64/winarm/armgcc/bin/../lib/gcc/arm-none-eabi/7.2.1/../../../../arm-none-eabi/lib/thumb/v7e-m\libg_nano.a(lib_a-nano-svfprintf.o) (_realloc_r)
f:/iti_tools/01- embedded systems avr tools/01- imt sdk/imt_sdk_win_64/winarm/armgcc/bin/../lib/gcc/arm-none-eabi/7.2.1/../../../../arm-none-eabi/lib/thumb/v7e-m\libg_nano.a(lib_a-sbrkr.o)
[...]
Memory Configuration

Name             Origin             Length             Attributes
RAM              0x20000000         0x00010000         xrw
CCMRAM           0x10000000         0x00000000         xrw
FLASH            0x08000000         0x00040000         xr
FLASHB1          0x00000000         0x00000000         xr
EXTMEMB0         0x00000000         0x00000000         xr
EXTMEMB1         0x00000000         0x00000000         xr
EXTMEMB2         0x00000000         0x00000000         xr
EXTMEMB3         0x00000000         0x00000000         xr
*default*        0x00000000         0xffffffff

Linker script and memory map

LOAD ./system/src/stm32f4-hal/stm32f4xx_hal.o
LOAD ./system/src/stm32f4-hal/stm32f4xx_hal_cortex.o
LOAD ./system/src/stm32f4-hal/stm32f4xx_hal_dfsdm.o
LOAD ./system/src/stm32f4-hal/stm32f4xx_hal_flash.o
LOAD ./system/src/stm32f4-hal/stm32f4xx_hal_gpio.o
LOAD ./system/src/stm32f4-hal/stm32f4xx_hal_iwdg.o
LOAD ./system/src/stm32f4-hal/stm32f4xx_hal_pwr.o
LOAD ./system/src/stm32f4-hal/stm32f4xx_hal_rcc.o
LOAD ./system/src/newlib/_cxx.o
LOAD ./system/src/newlib/_exit.o
LOAD ./system/src/newlib/_sbrk.o
LOAD ./system/src/newlib/_startup.o
LOAD ./system/src/newlib/_syscalls.o
LOAD ./system/src/newlib/assert.o
LOAD ./system/src/diag/Trace.o
LOAD ./system/src/diag/trace_impl.o
LOAD ./system/src/cortexm/_initialize_hardware.o
LOAD ./system/src/cortexm/_reset_hardware.o
LOAD ./system/src/cortexm/exception_handlers.o
LOAD ./system/src/cmsis/system_stm32f4xx.o
LOAD ./system/src/cmsis/vectors_stm32f401xc.o
LOAD ./src/BlinkLed.o
LOAD ./src/Timer.o
LOAD ./src/_initialize_hardware.o
LOAD ./src/_write.o
LOAD ./src/main.o
LOAD ./src/stm32f4xx_hal_msp.o
LOAD f:/iti_tools/01- embedded systems avr tools/01- imt sdk/imt_sdk_win_64/winarm/armgcc/bin/../lib/gcc/arm-none-eabi/7.2.1/../../../../arm-none-eabi/lib/thumb/v7e-m\libstdc++_nano.a
LOAD f:/iti_tools/01- embedded systems avr tools/01- imt sdk/imt_sdk_win_64/winarm/armgcc/bin/../lib/gcc/arm-none-eabi/7.2.1/../../../../arm-none-eabi/lib/thumb/v7e-m\libm.a
START GROUP
LOAD f:/iti_tools/01- embedded systems avr tools/01- imt sdk/imt_sdk_win_64/winarm/armgcc/bin/../lib/gcc/arm-none-eabi/7.2.1/thumb/v7e-m\libgcc.a
LOAD f:/iti_tools/01- embedded systems avr tools/01- imt sdk/imt_sdk_win_64/winarm/armgcc/bin/../lib/gcc/arm-none-eabi/7.2.1/../../../../arm-none-eabi/lib/thumb/v7e-m\libg_nano.a
LOAD f:/iti_tools/01- embedded systems avr tools/01- imt sdk/imt_sdk_win_64/winarm/armgcc/bin/../lib/gcc/arm-none-eabi/7.2.1/../../../../arm-none-eabi/lib/thumb/v7e-m\libc_nano.a
END GROUP
START GROUP
LOAD f:/iti_tools/01- embedded systems avr tools/01- imt sdk/imt_sdk_win_64/winarm/armgcc/bin/../lib/gcc/arm-none-eabi/7.2.1/thumb/v7e-m\libgcc.a
LOAD f:/iti_tools/01- embedded systems avr tools/01- imt sdk/imt_sdk_win_64/winarm/armgcc/bin/../lib/gcc/arm-none-eabi/7.2.1/../../../../arm-none-eabi/lib/thumb/v7e-m\libc_nano.a
END GROUP
                0x20010000                __stack = (ORIGIN (RAM) + LENGTH (RAM))
                0x20010000                _estack = __stack
                0x00000400                __Main_Stack_Size = 0x400
                [!provide]                PROVIDE (_Main_Stack_Size, __Main_Stack_Size)
                0x2000fc00                __Main_Stack_Limit = (__stack - __Main_Stack_Size)
                [!provide]                PROVIDE (_Main_Stack_Limit, __Main_Stack_Limit)
                0x00000100                _Minimum_Stack_Size = 0x100
                0x2000011c                PROVIDE (_Heap_Begin, _end_noinit)
                0x2000fc00                PROVIDE (_Heap_Limit, (__stack - __Main_Stack_Size))

.isr_vector     0x08000000      0x3f4
 FILL mask 0xff
                0x08000000                __vectors_start = ABSOLUTE (.)
                0x08000000                __vectors_start__ = ABSOLUTE (.)
 *(.isr_vector)
 .isr_vector    0x08000000      0x194 ./system/src/cmsis/vectors_stm32f401xc.o
                0x08000000                __isr_vectors
 *(.cfmconfig)
 *(.after_vectors .after_vectors.*)
 .after_vectors
                0x08000194      0x130 ./system/src/newlib/_startup.o
                0x08000194                _start
 .after_vectors
                0x080002c4      0x12c ./system/src/cortexm/exception_handlers.o
                0x080002c4                Reset_Handler
                0x080002ca                NMI_Handler
                0x080002ce                HardFault_Handler
                0x080002e2                HardFault_Handler_C
                0x08000340                MemManage_Handler
                0x08000344                BusFault_Handler
                0x08000358                BusFault_Handler_C
                0x0800038c                UsageFault_Handler
                0x080003a0                UsageFault_Handler_C
                0x080003d4                SVC_Handler
                0x080003d8                DebugMon_Handler
                0x080003dc                PendSV_Handler
 .after_vectors
                0x080003f0        0x4 ./system/src/cmsis/vectors_stm32f401xc.o
                0x080003f0                RTC_Alarm_IRQHandler
                0x080003f0                EXTI2_IRQHandler
                0x080003f0                SPI4_IRQHandler
                0x080003f0                TIM1_CC_IRQHandler
                0x080003f0                DMA2_Stream5_IRQHandler
                0x080003f0                DMA1_Stream5_IRQHandler
                0x080003f0                PVD_IRQHandler
                0x080003f0                SDIO_IRQHandler
                0x080003f0                TAMP_STAMP_IRQHandler
                0x080003f0                EXTI3_IRQHandler
                0x080003f0                TIM1_UP_TIM10_IRQHandler
                0x080003f0                I2C3_ER_IRQHandler
                0x080003f0                EXTI0_IRQHandler
                0x080003f0                I2C2_EV_IRQHandler
                0x080003f0                DMA1_Stream2_IRQHandler
                0x080003f0                FPU_IRQHandler
                0x080003f0                DMA2_Stream2_IRQHandler
                0x080003f0                SPI1_IRQHandler
                0x080003f0                TIM1_BRK_TIM9_IRQHandler
                0x080003f0                DMA2_Stream3_IRQHandler
                0x080003f0                USART6_IRQHandler
                0x080003f0                DMA2_Stream0_IRQHandler
                0x080003f0                TIM4_IRQHandler
                0x080003f0                I2C1_EV_IRQHandler
                0x080003f0                DMA1_Stream6_IRQHandler
                0x080003f0                DMA1_Stream1_IRQHandler
                0x080003f0                TIM3_IRQHandler
                0x080003f0                RCC_IRQHandler
                0x080003f0                Default_Handler
                0x080003f0                EXTI15_10_IRQHandler
                0x080003f0                ADC_IRQHandler
                0x080003f0                DMA1_Stream7_IRQHandler
                0x080003f0                TIM5_IRQHandler
                0x080003f0                DMA2_Stream7_IRQHandler
                0x080003f0                I2C3_EV_IRQHandler
                0x080003f0                EXTI9_5_IRQHandler
                0x080003f0                RTC_WKUP_IRQHandler
                0x080003f0                SPI2_IRQHandler
                0x080003f0                DMA1_Stream0_IRQHandler
                0x080003f0                EXTI4_IRQHandler
                0x080003f0                WWDG_IRQHandler
                0x080003f0                TIM2_IRQHandler
                0x080003f0                OTG_FS_WKUP_IRQHandler
                0x080003f0                TIM1_TRG_COM_TIM11_IRQHandler
                0x080003f0                EXTI1_IRQHandler
                0x080003f0                USART2_IRQHandler
                0x080003f0                I2C2_ER_IRQHandler
                0x080003f0                DMA2_Stream1_IRQHandler
                0x080003f0                FLASH_IRQHandler
                0x080003f0                DMA2_Stream4_IRQHandler
                0x080003f0                USART1_IRQHandler
                0x080003f0                OTG_FS_IRQHandler
                0x080003f0                SPI3_IRQHandler
                0x080003f0                DMA1_Stream4_IRQHandler
                0x080003f0                I2C1_ER_IRQHandler
                0x080003f0                DMA2_Stream6_IRQHandler
                0x080003f0                DMA1_Stream3_IRQHandler

.inits          0x080003f4       0x28
                0x080003f4                __data_regions_array_start = .
                0x080003f4        0x4 LONG 0x8002090 LOADADDR (.data)
                0x080003f8        0x4 LONG 0x20000000 ADDR (.data)
                0x080003fc        0x4 LONG 0x20000078 (ADDR (.data) + SIZEOF (.data))
                0x08000400        0x4 LONG 0x8002090 LOADADDR (.data_CCMRAM)
                0x08000404        0x4 LONG 0x10000000 ADDR (.data_CCMRAM)
                0x08000408        0x4 LONG 0x10000000 (ADDR (.data_CCMRAM) + SIZEOF (.data_CCMRAM))
                0x0800040c                __data_regions_array_end = .
                0x0800040c                __bss_regions_array_start = .
                0x0800040c        0x4 LONG 0x20000078 ADDR (.bss)
                0x08000410        0x4 LONG 0x2000011c (ADDR (.bss) + SIZEOF (.bss))
                0x08000414        0x4 LONG 0x10000000 ADDR (.bss_CCMRAM)
                0x08000418        0x4 LONG 0x10000000 (ADDR (.bss_CCMRAM) + SIZEOF (.bss_CCMRAM))
                0x0800041c                __bss_regions_array_end = .
 *(.init)
 *(.fini)
                0x0800041c                . = ALIGN (0x4)
                0x0800041c                PROVIDE (__preinit_array_start, .)
 *(.preinit_array_sysinit .preinit_array_sysinit.*)
 *(.preinit_array_platform .preinit_array_platform.*)
 *(.preinit_array .preinit_array.*)
                0x0800041c                PROVIDE (__preinit_array_end, .)
                0x0800041c                . = ALIGN (0x4)
                0x0800041c                PROVIDE (__init_array_start, .)
 *(SORT_BY_NAME(.init_array.*))
 *(.init_array)
                0x0800041c                PROVIDE (__init_array_end, .)
                0x0800041c                . = ALIGN (0x4)
                0x0800041c                PROVIDE (__fini_array_start, .)
 *(SORT_BY_NAME(.fini_array.*))
 *(.fini_array)
                0x0800041c                PROVIDE (__fini_array_end, .)

.flashtext
 *(.flashtext .flashtext.*)

.text           0x08000420     0x1c6f
 *(.text .text.*)
 .text.HAL_InitTick
                0x08000420       0x2c ./system/src/stm32f4-hal/stm32f4xx_hal.o
                0x08000420                HAL_InitTick
 .text.HAL_Init
                0x0800044c       0x34 ./system/src/stm32f4-hal/stm32f4xx_hal.o
                0x0800044c                HAL_Init
 .text.HAL_IncTick
                0x08000480       0x10 ./system/src/stm32f4-hal/stm32f4xx_hal.o
                0x08000480                HAL_IncTick
 .text.HAL_GetTick
                0x08000490        0xc ./system/src/stm32f4-hal/stm32f4xx_hal.o
                0x08000490                HAL_GetTick
 .text.HAL_NVIC_SetPriorityGrouping
                0x0800049c       0x3c ./system/src/stm32f4-hal/stm32f4xx_hal_cortex.o
                0x0800049c                HAL_NVIC_SetPriorityGrouping
 .text.HAL_NVIC_SetPriority
                0x080004d8       0x8c ./system/src/stm32f4-hal/stm32f4xx_hal_cortex.o
                0x080004d8                HAL_NVIC_SetPriority
 .text.HAL_SYSTICK_Config
                0x08000564       0x2c ./system/src/stm32f4-hal/stm32f4xx_hal_cortex.o
                0x08000564                HAL_SYSTICK_Config
 .text.HAL_SYSTICK_CLKSourceConfig
                0x08000590       0x3c ./system/src/stm32f4-hal/stm32f4xx_hal_cortex.o
                0x08000590                HAL_SYSTICK_CLKSourceConfig
 .text.HAL_GPIO_Init
                0x080005cc      0x2ac ./system/src/stm32f4-hal/stm32f4xx_hal_gpio.o
                0x080005cc                HAL_GPIO_Init
 .text.HAL_GPIO_WritePin
                0x08000878       0x38 ./system/src/stm32f4-hal/stm32f4xx_hal_gpio.o
                0x08000878                HAL_GPIO_WritePin
 .text.HAL_RCC_OscConfig
                0x080008b0      0x43c ./system/src/stm32f4-hal/stm32f4xx_hal_rcc.o
                0x080008b0                HAL_RCC_OscConfig
 .text.HAL_RCC_GetSysClockFreq
                0x08000cec       0x94 ./system/src/stm32f4-hal/stm32f4xx_hal_rcc.o
                0x08000cec                HAL_RCC_GetSysClockFreq
 .text.HAL_RCC_ClockConfig
                0x08000d80      0x258 ./system/src/stm32f4-hal/stm32f4xx_hal_rcc.o
                0x08000d80                HAL_RCC_ClockConfig
 .text.HAL_RCC_GetHCLKFreq
                0x08000fd8        0xc ./system/src/stm32f4-hal/stm32f4xx_hal_rcc.o
                0x08000fd8                HAL_RCC_GetHCLKFreq
 .text._exit    0x08000fe4        0x2 ./system/src/newlib/_exit.o
                0x08000fe4                _exit
 *fill*         0x08000fe6        0x2 
 .text.abort    0x08000fe8       0x14 ./system/src/newlib/_exit.o
                0x08000fe8                abort
 .text._sbrk    0x08000ffc       0x44 ./system/src/newlib/_sbrk.o
                0x08000ffc                _sbrk
 .text.__initialize_args
                0x08001040       0x10 ./system/src/newlib/_syscalls.o
                0x08001040                __initialize_args
 .text.assert_failed
                0x08001050       0x14 ./system/src/newlib/assert.o
                0x08001050                assert_failed
 .text.trace_printf
                0x08001064       0x30 ./system/src/diag/Trace.o
                0x08001064                trace_printf
 .text.trace_puts
                0x08001094       0x20 ./system/src/diag/Trace.o
                0x08001094                trace_puts
 .text._trace_write_semihosting_debug
                0x080010b4       0x60 ./system/src/diag/trace_impl.o
 .text.trace_write
                0x08001114        0x8 ./system/src/diag/trace_impl.o
                0x08001114                trace_write
 .text.__initialize_hardware_early
                0x0800111c       0x18 ./system/src/cortexm/_initialize_hardware.o
                0x0800111c                __initialize_hardware_early
 .text.dumpExceptionStack
                0x08001134       0xf4 ./system/src/cortexm/exception_handlers.o
                0x08001134                dumpExceptionStack
 .text.isSemihosting
                0x08001228       0x20 ./system/src/cortexm/exception_handlers.o
                0x08001228                isSemihosting
 .text.SystemInit
                0x08001248       0x40 ./system/src/cmsis/system_stm32f4xx.o
                0x08001248                SystemInit
 .text.SystemCoreClockUpdate
                0x08001288       0xa0 ./system/src/cmsis/system_stm32f4xx.o
                0x08001288                SystemCoreClockUpdate
 .text.blink_led_init
                0x08001328       0x40 ./src/BlinkLed.o
                0x08001328                blink_led_init
 .text.timer_start
                0x08001368       0x3c ./src/Timer.o
                0x08001368                timer_start
 .text.timer_sleep
                0x080013a4       0x14 ./src/Timer.o
                0x080013a4                timer_sleep
 .text.timer_tick
                0x080013b8       0x14 ./src/Timer.o
                0x080013b8                timer_tick
 .text.SysTick_Handler
                0x080013cc        0xc ./src/Timer.o
                0x080013cc                SysTick_Handler
 .text.SystemClock_Config
                0x080013d8       0x98 ./src/_initialize_hardware.o
                0x080013d8                SystemClock_Config
 .text.__initialize_hardware
                0x08001470       0x10 ./src/_initialize_hardware.o
                0x08001470                __initialize_hardware
 .text.main     0x08001480       0x6c ./src/main.o
                0x08001480                main
 .text.HAL_MspInit
                0x080014ec        0x2 ./src/stm32f4xx_hal_msp.o
                0x080014ec                HAL_MspInit
 *fill*         0x080014ee        0x2 
 .text.__errno  0x080014f0        0xc f:/iti_tools/01- embedded systems avr tools/01- imt sdk/imt_sdk_win_64/winarm/armgcc/bin/../lib/gcc/arm-none-eabi/7.2.1/../../../../arm-none-eabi/lib/thumb/v7e-m\libg_nano.a(lib_a-errno.o)
                0x080014f0                __errno
 .text          0x080014fc       0x10 f:/iti_tools/01- embedded systems avr tools/01- imt sdk/imt_sdk_win_64/winarm/armgcc/bin/../lib/gcc/arm-none-eabi/7.2.1/../../../../arm-none-eabi/lib/thumb/v7e-m\libg_nano.a(lib_a-strlen.o)
                0x080014fc                strlen
 .text._vsnprintf_r
                0x0800150c       0x58 f:/iti_tools/01- embedded systems avr tools/01- imt sdk/imt_sdk_win_64/winarm/armgcc/bin/../lib/gcc/arm-none-eabi/7.2.1/../../../../arm-none-eabi/lib/thumb/v7e-m\libg_nano.a(lib_a-vsnprintf.o)
                0x0800150c                _vsniprintf_r
                0x0800150c                _vsnprintf_r
 .text.vsnprintf
                0x08001564       0x1c f:/iti_tools/01- embedded systems avr tools/01- imt sdk/imt_sdk_win_64/winarm/armgcc/bin/../lib/gcc/arm-none-eabi/7.2.1/../../../../arm-none-eabi/lib/thumb/v7e-m\libg_nano.a(lib_a-vsnprintf.o)
                0x08001564                vsniprintf
                0x08001564                vsnprintf
 .text.__ssputs_r
                0x08001580       0xb4 f:/iti_tools/01- embedded systems avr tools/01- imt sdk/imt_sdk_win_64/winarm/armgcc/bin/../lib/gcc/arm-none-eabi/7.2.1/../../../../arm-none-eabi/lib/thumb/v7e-m\libg_nano.a(lib_a-nano-svfprintf.o)
                0x08001580                __ssputs_r
 .text._svfprintf_r
                0x08001634      0x1ec f:/iti_tools/01- embedded systems avr tools/01- imt sdk/imt_sdk_win_64/winarm/armgcc/bin/../lib/gcc/arm-none-eabi/7.2.1/../../../../arm-none-eabi/lib/thumb/v7e-m\libg_nano.a(lib_a-nano-svfprintf.o)
                0x08001634                _svfiprintf_r
                0x08001634                _svfprintf_r
 .text._printf_common
                0x08001820       0xea f:/iti_tools/01- embedded systems avr tools/01- imt sdk/imt_sdk_win_64/winarm/armgcc/bin/../lib/gcc/arm-none-eabi/7.2.1/../../../../arm-none-eabi/lib/thumb/v7e-m\libg_nano.a(lib_a-nano-vfprintf_i.o)
                0x08001820                _printf_common
 *fill*         0x0800190a        0x2 
 .text._printf_i
                0x0800190c      0x224 f:/iti_tools/01- embedded systems avr tools/01- imt sdk/imt_sdk_win_64/winarm/armgcc/bin/../lib/gcc/arm-none-eabi/7.2.1/../../../../arm-none-eabi/lib/thumb/v7e-m\libg_nano.a(lib_a-nano-vfprintf_i.o)
                0x0800190c                _printf_i
 .text          0x08001b30       0xa0 f:/iti_tools/01- embedded systems avr tools/01- imt sdk/imt_sdk_win_64/winarm/armgcc/bin/../lib/gcc/arm-none-eabi/7.2.1/../../../../arm-none-eabi/lib/thumb/v7e-m\libg_nano.a(lib_a-memchr.o)
                0x08001b30                memchr
 .text.memcpy   0x08001bd0       0x16 f:/iti_tools/01- embedded systems avr tools/01- imt sdk/imt_sdk_win_64/winarm/armgcc/bin/../lib/gcc/arm-none-eabi/7.2.1/../../../../arm-none-eabi/lib/thumb/v7e-m\libg_nano.a(lib_a-memcpy-stub.o)
                0x08001bd0                memcpy
 .text.memmove  0x08001be6       0x32 f:/iti_tools/01- embedded systems avr tools/01- imt sdk/imt_sdk_win_64/winarm/armgcc/bin/../lib/gcc/arm-none-eabi/7.2.1/../../../../arm-none-eabi/lib/thumb/v7e-m\libg_nano.a(lib_a-memmove.o)
                0x08001be6                memmove
 .text._free_r  0x08001c18       0x9c f:/iti_tools/01- embedded systems avr tools/01- imt sdk/imt_sdk_win_64/winarm/armgcc/bin/../lib/gcc/arm-none-eabi/7.2.1/../../../../arm-none-eabi/lib/thumb/v7e-m\libg_nano.a(lib_a-nano-freer.o)
                0x08001c18                _free_r
 .text._malloc_r
                0x08001cb4       0xb4 f:/iti_tools/01- embedded systems avr tools/01- imt sdk/imt_sdk_win_64/winarm/armgcc/bin/../lib/gcc/arm-none-eabi/7.2.1/../../../../arm-none-eabi/lib/thumb/v7e-m\libg_nano.a(lib_a-nano-mallocr.o)
                0x08001cb4                _malloc_r
 .text._realloc_r
                0x08001d68       0x4c f:/iti_tools/01- embedded systems avr tools/01- imt sdk/imt_sdk_win_64/winarm/armgcc/bin/../lib/gcc/arm-none-eabi/7.2.1/../../../../arm-none-eabi/lib/thumb/v7e-m\libg_nano.a(lib_a-nano-reallocr.o)
                0x08001d68                _realloc_r
 .text._sbrk_r  0x08001db4       0x20 f:/iti_tools/01- embedded systems avr tools/01- imt sdk/imt_sdk_win_64/winarm/armgcc/bin/../lib/gcc/arm-none-eabi/7.2.1/../../../../arm-none-eabi/lib/thumb/v7e-m\libg_nano.a(lib_a-sbrkr.o)
                0x08001db4                _sbrk_r
 .text.__malloc_lock
                0x08001dd4        0x2 f:/iti_tools/01- embedded systems avr tools/01- imt sdk/imt_sdk_win_64/winarm/armgcc/bin/../lib/gcc/arm-none-eabi/7.2.1/../../../../arm-none-eabi/lib/thumb/v7e-m\libg_nano.a(lib_a-mlock.o)
                0x08001dd4                __malloc_lock
 .text.__malloc_unlock
                0x08001dd6        0x2 f:/iti_tools/01- embedded systems avr tools/01- imt sdk/imt_sdk_win_64/winarm/armgcc/bin/../lib/gcc/arm-none-eabi/7.2.1/../../../../arm-none-eabi/lib/thumb/v7e-m\libg_nano.a(lib_a-mlock.o)
                0x08001dd6                __malloc_unlock
 .text._malloc_usable_size_r
                0x08001dd8       0x10 f:/iti_tools/01- embedded systems avr tools/01- imt sdk/imt_sdk_win_64/winarm/armgcc/bin/../lib/gcc/arm-none-eabi/7.2.1/../../../../arm-none-eabi/lib/thumb/v7e-m\libg_nano.a(lib_a-nano-msizer.o)
                0x08001dd8                _malloc_usable_size_r
 *(.rodata .rodata.* .constdata .constdata.*)
 .rodata.HAL_NVIC_SetPriorityGrouping.str1.4
                0x08001de8       0x31 ./system/src/stm32f4-hal/stm32f4xx_hal_cortex.o
 *fill*         0x08001e19        0x3 
 .rodata.HAL_GPIO_Init.str1.4
                0x08001e1c       0x2f ./system/src/stm32f4-hal/stm32f4xx_hal_gpio.o
 *fill*         0x08001e4b        0x1 
 .rodata.APBAHBPrescTable
                0x08001e4c       0x10 ./system/src/stm32f4-hal/stm32f4xx_hal_rcc.o
                0x08001e4c                APBAHBPrescTable
 .rodata.HAL_RCC_OscConfig.str1.4
                0x08001e5c       0x2e ./system/src/stm32f4-hal/stm32f4xx_hal_rcc.o
 *fill*         0x08001e8a        0x2 
 .rodata.abort.str1.4
                0x08001e8c       0x14 ./system/src/newlib/_exit.o
 .rodata.assert_failed.str1.4
                0x08001ea0       0x2b ./system/src/newlib/assert.o
 .rodata.trace_puts.str1.4
                0x08001ecb       0x2b ./system/src/diag/Trace.o
                                  0x2 (size before relaxing)
 *fill*         0x08001ecb        0x1 
 .rodata.dumpExceptionStack.str1.4
                0x08001ecc      0x11a ./system/src/cortexm/exception_handlers.o
 *fill*         0x08001fe6        0x2 
 .rodata.str1.4
                0x08001fe8       0x2a ./system/src/cortexm/exception_handlers.o
 *fill*         0x08002012        0x2 
 .rodata.AHBPrescTable
                0x08002014       0x10 ./system/src/cmsis/system_stm32f4xx.o
                0x08002014                AHBPrescTable
 .rodata.main.str1.4
                0x08002024       0x38 ./src/main.o
                                 0x37 (size before relaxing)
 .rodata._svfprintf_r.str1.1
                0x0800205c       0x11 f:/iti_tools/01- embedded systems avr tools/01- imt sdk/imt_sdk_win_64/winarm/armgcc/bin/../lib/gcc/arm-none-eabi/7.2.1/../../../../arm-none-eabi/lib/thumb/v7e-m\libg_nano.a(lib_a-nano-svfprintf.o)
 .rodata._printf_i.str1.1
                0x0800206d       0x22 f:/iti_tools/01- embedded systems avr tools/01- imt sdk/imt_sdk_win_64/winarm/armgcc/bin/../lib/gcc/arm-none-eabi/7.2.1/../../../../arm-none-eabi/lib/thumb/v7e-m\libg_nano.a(lib_a-nano-vfprintf_i.o)
 *(vtable)
 *(.eh_frame*)
 *(.glue_7)
 .glue_7        0x0800208f        0x0 linker stubs
 *(.glue_7t)
 .glue_7t       0x0800208f        0x0 linker stubs

.vfp11_veneer   0x08002090        0x0
 .vfp11_veneer  0x08002090        0x0 linker stubs

.v4_bx          0x08002090        0x0
 .v4_bx         0x08002090        0x0 linker stubs

.iplt           0x08002090        0x0
 .iplt          0x08002090        0x0 ./system/src/stm32f4-hal/stm32f4xx_hal.o

.rel.dyn        0x08002090        0x0
 .rel.iplt      0x08002090        0x0 ./system/src/stm32f4-hal/stm32f4xx_hal.o

.ARM.extab
 *(.ARM.extab* .gnu.linkonce.armextab.*)
                0x08002090                . = ALIGN (0x4)
                0x08002090                __exidx_start = .

.ARM.exidx
 *(.ARM.exidx* .gnu.linkonce.armexidx.*)
                0x08002090                __exidx_end = .
                0x08002090                . = ALIGN (0x4)
                0x08002090                _etext = .
                0x08002090                __etext = .

.data_CCMRAM    0x10000000        0x0 load address 0x08002090
 FILL mask 0xff
 *(.data.CCMRAM .data.CCMRAM.*)
                0x10000000                . = ALIGN (0x4)
                0x08002090                _sidata = LOADADDR (.data)

.data           0x20000000       0x78 load address 0x08002090
 FILL mask 0xff
                0x20000000                _sdata = .
                0x20000000                __data_start__ = .
 *(.data_begin .data_begin.*)
 .data_begin    0x20000000        0x4 ./system/src/newlib/_startup.o
 *(.data .data.*)
 .data.argv.4310
                0x20000004        0x8 ./system/src/newlib/_syscalls.o
 .data.SystemCoreClock
                0x2000000c        0x4 ./system/src/cmsis/system_stm32f4xx.o
                0x2000000c                SystemCoreClock
 .data._impure_ptr
                0x20000010        0x4 f:/iti_tools/01- embedded systems avr tools/01- imt sdk/imt_sdk_win_64/winarm/armgcc/bin/../lib/gcc/arm-none-eabi/7.2.1/../../../../arm-none-eabi/lib/thumb/v7e-m\libg_nano.a(lib_a-impure.o)
                0x20000010                _impure_ptr
 .data.impure_data
                0x20000014       0x60 f:/iti_tools/01- embedded systems avr tools/01- imt sdk/imt_sdk_win_64/winarm/armgcc/bin/../lib/gcc/arm-none-eabi/7.2.1/../../../../arm-none-eabi/lib/thumb/v7e-m\libg_nano.a(lib_a-impure.o)
 *(.data_end .data_end.*)
 .data_end      0x20000074        0x4 ./system/src/newlib/_startup.o
                0x20000078                . = ALIGN (0x4)
                0x20000078                _edata = .
                0x20000078                __data_end__ = .

.igot.plt       0x20000078        0x0 load address 0x08002108
 .igot.plt      0x20000078        0x0 ./system/src/stm32f4-hal/stm32f4xx_hal.o

.bss_CCMRAM     0x10000000        0x0
 *(.bss.CCMRAM .bss.CCMRAM.*)

.bss            0x20000078       0xa4
                0x20000078                __bss_start__ = .
                0x20000078                _sbss = .
 *(.bss_begin .bss_begin.*)
 .bss_begin     0x20000078        0x4 ./system/src/newlib/_startup.o
 *(.bss .bss.*)
 .bss.current_heap_end.3961
                0x2000007c        0x4 ./system/src/newlib/_sbrk.o
 .bss.name.4309
                0x20000080        0x1 ./system/src/newlib/_syscalls.o
 *fill*         0x20000081        0x3 
 .bss.buf.5205  0x20000084       0x80 ./system/src/diag/Trace.o
 .bss.__malloc_free_list
                0x20000104        0x4 f:/iti_tools/01- embedded systems avr tools/01- imt sdk/imt_sdk_win_64/winarm/armgcc/bin/../lib/gcc/arm-none-eabi/7.2.1/../../../../arm-none-eabi/lib/thumb/v7e-m\libg_nano.a(lib_a-nano-mallocr.o)
                0x20000104                __malloc_free_list
 .bss.__malloc_sbrk_start
                0x20000108        0x4 f:/iti_tools/01- embedded systems avr tools/01- imt sdk/imt_sdk_win_64/winarm/armgcc/bin/../lib/gcc/arm-none-eabi/7.2.1/../../../../arm-none-eabi/lib/thumb/v7e-m\libg_nano.a(lib_a-nano-mallocr.o)
                0x20000108                __malloc_sbrk_start
 *(COMMON)
 COMMON         0x2000010c        0x4 ./system/src/stm32f4-hal/stm32f4xx_hal.o
                0x2000010c                uwTick
 COMMON         0x20000110        0x4 ./system/src/newlib/_syscalls.o
                0x20000110                errno
 COMMON         0x20000114        0x4 ./src/Timer.o
                0x20000114                timer_delayCount
 *(.bss_end .bss_end.*)
 .bss_end       0x20000118        0x4 ./system/src/newlib/_startup.o
                0x2000011c                . = ALIGN (0x4)
                0x2000011c                __bss_end__ = .
                0x2000011c                _ebss = .

.noinit_CCMRAM
 *(.noinit.CCMRAM .noinit.CCMRAM.*)

.noinit         0x2000011c        0x0
                0x2000011c                _noinit = .
 *(.noinit .noinit.*)
                0x2000011c                . = ALIGN (0x4)
                0x2000011c                _end_noinit = .
                [!provide]                PROVIDE (end, _end_noinit)
                [!provide]                PROVIDE (_end, _end_noinit)
                [!provide]                PROVIDE (__end, _end_noinit)
                [!provide]                PROVIDE (__end__, _end_noinit)

._check_stack   0x2000011c      0x100
                0x2000021c                . = (. + _Minimum_Stack_Size)
 *fill*         0x2000011c      0x100 

.b1text
 *(.b1text)
 *(.b1rodata)
 *(.b1rodata.*)

.eb0text
 *(.eb0text)
 *(.eb0rodata)
 *(.eb0rodata.*)

.eb1text
 *(.eb1text)
 *(.eb1rodata)
 *(.eb1rodata.*)

.eb2text
 *(.eb2text)
 *(.eb2rodata)
 *(.eb2rodata.*)

.eb3text
 *(.eb3text)
 *(.eb3rodata)
 *(.eb3rodata.*)

.stab
 *(.stab)

.stabstr
 *(.stabstr)

.stab.excl
 *(.stab.excl)

.stab.exclstr
 *(.stab.exclstr)

.stab.index
 *(.stab.index)

.stab.indexstr
 *(.stab.indexstr)

.comment        0x00000000       0x7e
 *(.comment)
 .comment       0x00000000       0x7e ./system/src/stm32f4-hal/stm32f4xx_hal.o
                                 0x7f (size before relaxing)
 .comment       0x0000007e       0x7f ./system/src/stm32f4-hal/stm32f4xx_hal_cortex.o
 .comment       0x0000007e       0x7f ./system/src/stm32f4-hal/stm32f4xx_hal_gpio.o
 .comment       0x0000007e       0x7f ./system/src/stm32f4-hal/stm32f4xx_hal_rcc.o
 .comment       0x0000007e       0x7f ./system/src/newlib/_exit.o
 .comment       0x0000007e       0x7f ./system/src/newlib/_sbrk.o
 .comment       0x0000007e       0x7f ./system/src/newlib/_startup.o
 .comment       0x0000007e       0x7f ./system/src/newlib/_syscalls.o
 .comment       0x0000007e       0x7f ./system/src/newlib/assert.o
 .comment       0x0000007e       0x7f ./system/src/diag/Trace.o
 .comment       0x0000007e       0x7f ./system/src/diag/trace_impl.o
 .comment       0x0000007e       0x7f ./system/src/cortexm/_initialize_hardware.o
 .comment       0x0000007e       0x7f ./system/src/cortexm/exception_handlers.o
 .comment       0x0000007e       0x7f ./system/src/cmsis/system_stm32f4xx.o
 .comment       0x0000007e       0x7f ./system/src/cmsis/vectors_stm32f401xc.o
 .comment       0x0000007e       0x7f ./src/BlinkLed.o
 .comment       0x0000007e       0x7f ./src/Timer.o
 .comment       0x0000007e       0x7f ./src/_initialize_hardware.o
 .comment       0x0000007e       0x7f ./src/main.o
 .comment       0x0000007e       0x7f ./src/stm32f4xx_hal_msp.o

.ARM.attributes
                0x00000000       0x31
 .ARM.attributes
                0x00000000       0x33 ./system/src/stm32f4-hal/stm32f4xx_hal.o
 .ARM.attributes
                0x00000033       0x33 ./system/src/stm32f4-hal/stm32f4xx_hal_cortex.o
 .ARM.attributes
                0x00000066       0x33 ./system/src/stm32f4-hal/stm32f4xx_hal_gpio.o
 .ARM.attributes
                0x00000099       0x33 ./system/src/stm32f4-hal/stm32f4xx_hal_rcc.o
 .ARM.attributes
                0x000000cc       0x33 ./system/src/newlib/_exit.o
 .ARM.attributes
                0x000000ff       0x33 ./system/src/newlib/_sbrk.o
 .ARM.attributes
                0x00000132       0x33 ./system/src/newlib/_startup.o
 .ARM.attributes
                0x00000165       0x33 ./system/src/newlib/_syscalls.o
 .ARM.attributes
                0x00000198       0x33 ./system/src/newlib/assert.o
 .ARM.attributes
                0x000001cb       0x33 ./system/src/diag/Trace.o
 .ARM.attributes
                0x000001fe       0x33 ./system/src/diag/trace_impl.o
 .ARM.attributes
                0x00000231       0x33 ./system/src/cortexm/_initialize_hardware.o
 .ARM.attributes
                0x00000264       0x33 ./system/src/cortexm/exception_handlers.o
 .ARM.attributes
                0x00000297       0x33 ./system/src/cmsis/system_stm32f4xx.o
 .ARM.attributes
                0x000002ca       0x33 ./system/src/cmsis/vectors_stm32f401xc.o
 .ARM.attributes
                0x000002fd       0x33 ./src/BlinkLed.o
 .ARM.attributes
                0x00000330       0x33 ./src/Timer.o
 .ARM.attributes
                0x00000363       0x33 ./src/_initialize_hardware.o
 .ARM.attributes
                0x00000396       0x33 ./src/main.o
 .ARM.attributes
                0x000003c9       0x33 ./src/stm32f4xx_hal_msp.o
 .ARM.attributes
                0x000003fc       0x2e f:/iti_tools/01- embedded systems avr tools/01- imt sdk/imt_sdk_win_64/winarm/armgcc/bin/../lib/gcc/arm-none-eabi/7.2.1/../../../../arm-none-eabi/lib/thumb/v7e-m\libg_nano.a(lib_a-errno.o)
 .ARM.attributes
                0x0000042a       0x2e f:/iti_tools/01- embedded systems avr tools/01- imt sdk/imt_sdk_win_64/winarm/armgcc/bin/../lib/gcc/arm-none-eabi/7.2.1/../../../../arm-none-eabi/lib/thumb/v7e-m\libg_nano.a(lib_a-impure.o)
 .ARM.attributes
                0x00000458       0x17 f:/iti_tools/01- embedded systems avr tools/01- imt sdk/imt_sdk_win_64/winarm/armgcc/bin/../lib/gcc/arm-none-eabi/7.2.1/../../../../arm-none-eabi/lib/thumb/v7e-m\libg_nano.a(lib_a-strlen.o)
 .ARM.attributes
                0x0000046f       0x2e f:/iti_tools/01- embedded systems avr tools/01- imt sdk/imt_sdk_win_64/winarm/armgcc/bin/../lib/gcc/arm-none-eabi/7.2.1/../../../../arm-none-eabi/lib/thumb/v7e-m\libg_nano.a(lib_a-vsnprintf.o)
 .ARM.attributes
                0x0000049d       0x2e f:/iti_tools/01- embedded systems avr tools/01- imt sdk/imt_sdk_win_64/winarm/armgcc/bin/../lib/gcc/arm-none-eabi/7.2.1/../../../../arm-none-eabi/lib/thumb/v7e-m\libg_nano.a(lib_a-nano-svfprintf.o)
 .ARM.attributes
                0x000004cb       0x2e f:/iti_tools/01- embedded systems avr tools/01- imt sdk/imt_sdk_win_64/winarm/armgcc/bin/../lib/gcc/arm-none-eabi/7.2.1/../../../../arm-none-eabi/lib/thumb/v7e-m\libg_nano.a(lib_a-nano-vfprintf_i.o)
 .ARM.attributes
                0x000004f9       0x1c f:/iti_tools/01- embedded systems avr tools/01- imt sdk/imt_sdk_win_64/winarm/armgcc/bin/../lib/gcc/arm-none-eabi/7.2.1/../../../../arm-none-eabi/lib/thumb/v7e-m\libg_nano.a(lib_a-memchr.o)
 .ARM.attributes
                0x00000515       0x2e f:/iti_tools/01- embedded systems avr tools/01- imt sdk/imt_sdk_win_64/winarm/armgcc/bin/../lib/gcc/arm-none-eabi/7.2.1/../../../../arm-none-eabi/lib/thumb/v7e-m\libg_nano.a(lib_a-memcpy-stub.o)
 .ARM.attributes
                0x00000543       0x2e f:/iti_tools/01- embedded systems avr tools/01- imt sdk/imt_sdk_win_64/winarm/armgcc/bin/../lib/gcc/arm-none-eabi/7.2.1/../../../../arm-none-eabi/lib/thumb/v7e-m\libg_nano.a(lib_a-memmove.o)
 .ARM.attributes
                0x00000571       0x2e f:/iti_tools/01- embedded systems avr tools/01- imt sdk/imt_sdk_win_64/winarm/armgcc/bin/../lib/gcc/arm-none-eabi/7.2.1/../../../../arm-none-eabi/lib/thumb/v7e-m\libg_nano.a(lib_a-nano-freer.o)
 .ARM.attributes
                0x0000059f       0x2e f:/iti_tools/01- embedded systems avr tools/01- imt sdk/imt_sdk_win_64/winarm/armgcc/bin/../lib/gcc/arm-none-eabi/7.2.1/../../../../arm-none-eabi/lib/thumb/v7e-m\libg_nano.a(lib_a-nano-mallocr.o)
 .ARM.attributes
                0x000005cd       0x2e f:/iti_tools/01- embedded systems avr tools/01- imt sdk/imt_sdk_win_64/winarm/armgcc/bin/../lib/gcc/arm-none-eabi/7.2.1/../../../../arm-none-eabi/lib/thumb/v7e-m\libg_nano.a(lib_a-nano-reallocr.o)
 .ARM.attributes
                0x000005fb       0x2e f:/iti_tools/01- embedded systems avr tools/01- imt sdk/imt_sdk_win_64/winarm/armgcc/bin/../lib/gcc/arm-none-eabi/7.2.1/../../../../arm-none-eabi/lib/thumb/v7e-m\libg_nano.a(lib_a-sbrkr.o)
 .ARM.attributes
                0x00000629       0x2e f:/iti_tools/01- embedded systems avr tools/01- imt sdk/imt_sdk_win_64/winarm/armgcc/bin/../lib/gcc/arm-none-eabi/7.2.1/../../../../arm-none-eabi/lib/thumb/v7e-m\libg_nano.a(lib_a-mlock.o)
 .ARM.attributes
                0x00000657       0x2e f:/iti_tools/01- embedded systems avr tools/01- imt sdk/imt_sdk_win_64/winarm/armgcc/bin/../lib/gcc/arm-none-eabi/7.2.1/../../../../arm-none-eabi/lib/thumb/v7e-m\libg_nano.a(lib_a-nano-msizer.o)

.debug
 *(.debug)

.line
 *(.line)

.debug_srcinfo
 *(.debug_srcinfo)

.debug_sfnames
 *(.debug_sfnames)

.debug_aranges  0x00000000      0x558
 *(.debug_aranges)
 .debug_aranges
                0x00000000       0xc0 ./system/src/stm32f4-hal/stm32f4xx_hal.o
 .debug_aranges
                0x000000c0       0x98 ./system/src/stm32f4-hal/stm32f4xx_hal_cortex.o
 .debug_aranges
                0x00000158       0x58 ./system/src/stm32f4-hal/stm32f4xx_hal_gpio.o
 .debug_aranges
                0x000001b0       0x88 ./system/src/stm32f4-hal/stm32f4xx_hal_rcc.o
 .debug_aranges
                0x00000238       0x28 ./system/src/newlib/_exit.o
 .debug_aranges
                0x00000260       0x20 ./system/src/newlib/_sbrk.o
 .debug_aranges
                0x00000280       0x40 ./system/src/newlib/_startup.o
 .debug_aranges
                0x000002c0       0x30 ./system/src/newlib/_syscalls.o
 .debug_aranges
                0x000002f0       0x28 ./system/src/newlib/assert.o
 .debug_aranges
                0x00000318       0x38 ./system/src/diag/Trace.o
 .debug_aranges
                0x00000350       0x30 ./system/src/diag/trace_impl.o
 .debug_aranges
                0x00000380       0x28 ./system/src/cortexm/_initialize_hardware.o
 .debug_aranges
                0x000003a8       0x90 ./system/src/cortexm/exception_handlers.o
 .debug_aranges
                0x00000438       0x28 ./system/src/cmsis/system_stm32f4xx.o
 .debug_aranges
                0x00000460       0x20 ./system/src/cmsis/vectors_stm32f401xc.o
 .debug_aranges
                0x00000480       0x20 ./src/BlinkLed.o
 .debug_aranges
                0x000004a0       0x38 ./src/Timer.o
 .debug_aranges
                0x000004d8       0x28 ./src/_initialize_hardware.o
 .debug_aranges
                0x00000500       0x20 ./src/main.o
 .debug_aranges
                0x00000520       0x38 ./src/stm32f4xx_hal_msp.o

.debug_pubnames
 *(.debug_pubnames)

.debug_info     0x00000000     0xf9c2
 *(.debug_info .gnu.linkonce.wi.*)
 .debug_info    0x00000000     0x107e ./system/src/stm32f4-hal/stm32f4xx_hal.o
 .debug_info    0x0000107e     0x1863 ./system/src/stm32f4-hal/stm32f4xx_hal_cortex.o
 .debug_info    0x000028e1     0x10b8 ./system/src/stm32f4-hal/stm32f4xx_hal_gpio.o
 .debug_info    0x00003999     0x177e ./system/src/stm32f4-hal/stm32f4xx_hal_rcc.o
 .debug_info    0x00005117      0x956 ./system/src/newlib/_exit.o
 .debug_info    0x00005a6d      0x942 ./system/src/newlib/_sbrk.o
 .debug_info    0x000063af      0x4bf ./system/src/newlib/_startup.o
 .debug_info    0x0000686e      0xa19 ./system/src/newlib/_syscalls.o
 .debug_info    0x00007287      0x9ff ./system/src/newlib/assert.o
 .debug_info    0x00007c86      0xb2a ./system/src/diag/Trace.o
 .debug_info    0x000087b0      0xb6b ./system/src/diag/trace_impl.o
 .debug_info    0x0000931b      0xade ./system/src/cortexm/_initialize_hardware.o
 .debug_info    0x00009df9     0x115a ./system/src/cortexm/exception_handlers.o
 .debug_info    0x0000af53      0xcfe ./system/src/cmsis/system_stm32f4xx.o
 .debug_info    0x0000bc51       0xca ./system/src/cmsis/vectors_stm32f401xc.o
 .debug_info    0x0000bd1b      0xc37 ./src/BlinkLed.o
 .debug_info    0x0000c952      0xeaa ./src/Timer.o
 .debug_info    0x0000d7fc      0xd34 ./src/_initialize_hardware.o
 .debug_info    0x0000e530      0xb83 ./src/main.o
 .debug_info    0x0000f0b3      0x90f ./src/stm32f4xx_hal_msp.o

.debug_abbrev   0x00000000     0x2fb3
 *(.debug_abbrev)
 .debug_abbrev  0x00000000      0x32b ./system/src/stm32f4-hal/stm32f4xx_hal.o
 .debug_abbrev  0x0000032b      0x3f1 ./system/src/stm32f4-hal/stm32f4xx_hal_cortex.o
 .debug_abbrev  0x0000071c      0x2de ./system/src/stm32f4-hal/stm32f4xx_hal_gpio.o
 .debug_abbrev  0x000009fa      0x394 ./system/src/stm32f4-hal/stm32f4xx_hal_rcc.o
 .debug_abbrev  0x00000d8e      0x1f3 ./system/src/newlib/_exit.o
 .debug_abbrev  0x00000f81      0x1fc ./system/src/newlib/_sbrk.o
 .debug_abbrev  0x0000117d      0x1cb ./system/src/newlib/_startup.o
 .debug_abbrev  0x00001348      0x234 ./system/src/newlib/_syscalls.o
 .debug_abbrev  0x0000157c      0x1f3 ./system/src/newlib/assert.o
 .debug_abbrev  0x0000176f      0x276 ./system/src/diag/Trace.o
 .debug_abbrev  0x000019e5      0x2ef ./system/src/diag/trace_impl.o
 .debug_abbrev  0x00001cd4      0x1de ./system/src/cortexm/_initialize_hardware.o
 .debug_abbrev  0x00001eb2      0x32b ./system/src/cortexm/exception_handlers.o
 .debug_abbrev  0x000021dd      0x216 ./system/src/cmsis/system_stm32f4xx.o
 .debug_abbrev  0x000023f3       0x9d ./system/src/cmsis/vectors_stm32f401xc.o
 .debug_abbrev  0x00002490      0x235 ./src/BlinkLed.o
 .debug_abbrev  0x000026c5      0x2b2 ./src/Timer.o
 .debug_abbrev  0x00002977      0x22d ./src/_initialize_hardware.o
 .debug_abbrev  0x00002ba4      0x25e ./src/main.o
 .debug_abbrev  0x00002e02      0x1b1 ./src/stm32f4xx_hal_msp.o

.debug_line     0x00000000     0xb05a
 *(.debug_line)
 .debug_line    0x00000000      0xc08 ./system/src/stm32f4-hal/stm32f4xx_hal.o
 .debug_line    0x00000c08      0xcff ./system/src/stm32f4-hal/stm32f4xx_hal_cortex.o
 .debug_line    0x00001907      0xcd2 ./system/src/stm32f4-hal/stm32f4xx_hal_gpio.o
 .debug_line    0x000025d9      0xe8a ./system/src/stm32f4-hal/stm32f4xx_hal_rcc.o
 .debug_line    0x00003463      0x3cb ./system/src/newlib/_exit.o
 .debug_line    0x0000382e      0x37f ./system/src/newlib/_sbrk.o
 .debug_line    0x00003bad      0x447 ./system/src/newlib/_startup.o
 .debug_line    0x00003ff4      0x4b4 ./system/src/newlib/_syscalls.o
 .debug_line    0x000044a8      0x406 ./system/src/newlib/assert.o
 .debug_line    0x000048ae      0x447 ./system/src/diag/Trace.o
 .debug_line    0x00004cf5      0xb3b ./system/src/diag/trace_impl.o
 .debug_line    0x00005830      0xaa4 ./system/src/cortexm/_initialize_hardware.o
 .debug_line    0x000062d4      0xbf2 ./system/src/cortexm/exception_handlers.o
 .debug_line    0x00006ec6      0xaaa ./system/src/cmsis/system_stm32f4xx.o
 .debug_line    0x00007970      0x121 ./system/src/cmsis/vectors_stm32f401xc.o
 .debug_line    0x00007a91      0xa7e ./src/BlinkLed.o
 .debug_line    0x0000850f      0xafe ./src/Timer.o
 .debug_line    0x0000900d      0xa9c ./src/_initialize_hardware.o
 .debug_line    0x00009aa9      0xb13 ./src/main.o
 .debug_line    0x0000a5bc      0xa9e ./src/stm32f4xx_hal_msp.o

.debug_frame    0x00000000      0xda4
 *(.debug_frame)
 .debug_frame   0x00000000      0x188 ./system/src/stm32f4-hal/stm32f4xx_hal.o
 .debug_frame   0x00000188      0x17c ./system/src/stm32f4-hal/stm32f4xx_hal_cortex.o
 .debug_frame   0x00000304       0xfc ./system/src/stm32f4-hal/stm32f4xx_hal_gpio.o
 .debug_frame   0x00000400      0x140 ./system/src/stm32f4-hal/stm32f4xx_hal_rcc.o
 .debug_frame   0x00000540       0x38 ./system/src/newlib/_exit.o
 .debug_frame   0x00000578       0x28 ./system/src/newlib/_sbrk.o
 .debug_frame   0x000005a0       0x7c ./system/src/newlib/_startup.o
 .debug_frame   0x0000061c       0x50 ./system/src/newlib/_syscalls.o
 .debug_frame   0x0000066c       0x40 ./system/src/newlib/assert.o
 .debug_frame   0x000006ac       0x94 ./system/src/diag/Trace.o
 .debug_frame   0x00000740       0x64 ./system/src/diag/trace_impl.o
 .debug_frame   0x000007a4       0x40 ./system/src/cortexm/_initialize_hardware.o
 .debug_frame   0x000007e4      0x158 ./system/src/cortexm/exception_handlers.o
 .debug_frame   0x0000093c       0x30 ./system/src/cmsis/system_stm32f4xx.o
 .debug_frame   0x0000096c       0x20 ./system/src/cmsis/vectors_stm32f401xc.o
 .debug_frame   0x0000098c       0x34 ./src/BlinkLed.o
 .debug_frame   0x000009c0       0x58 ./src/Timer.o
 .debug_frame   0x00000a18       0x4c ./src/_initialize_hardware.o
 .debug_frame   0x00000a64       0x28 ./src/main.o
 .debug_frame   0x00000a8c       0x50 ./src/stm32f4xx_hal_msp.o
 .debug_frame   0x00000adc       0x20 f:/iti_tools/01- embedded systems avr tools/01- imt sdk/imt_sdk_win_64/winarm/armgcc/bin/../lib/gcc/arm-none-eabi/7.2.1/../../../../arm-none-eabi/lib/thumb/v7e-m\libg_nano.a(lib_a-errno.o)
 .debug_frame   0x00000afc       0x4c f:/iti_tools/01- embedded systems avr tools/01- imt sdk/imt_sdk_win_64/winarm/armgcc/bin/../lib/gcc/arm-none-eabi/7.2.1/../../../../arm-none-eabi/lib/thumb/v7e-m\libg_nano.a(lib_a-vsnprintf.o)
 .debug_frame   0x00000b48       0x90 f:/iti_tools/01- embedded systems avr tools/01- imt sdk/imt_sdk_win_64/winarm/armgcc/bin/../lib/gcc/arm-none-eabi/7.2.1/../../../../arm-none-eabi/lib/thumb/v7e-m\libg_nano.a(lib_a-nano-svfprintf.o)
 .debug_frame   0x00000bd8       0x60 f:/iti_tools/01- embedded systems avr tools/01- imt sdk/imt_sdk_win_64/winarm/armgcc/bin/../lib/gcc/arm-none-eabi/7.2.1/../../../../arm-none-eabi/lib/thumb/v7e-m\libg_nano.a(lib_a-nano-vfprintf_i.o)
 .debug_frame   0x00000c38       0x28 f:/iti_tools/01- embedded systems avr tools/01- imt sdk/imt_sdk_win_64/winarm/armgcc/bin/../lib/gcc/arm-none-eabi/7.2.1/../../../../arm-none-eabi/lib/thumb/v7e-m\libg_nano.a(lib_a-memcpy-stub.o)
 .debug_frame   0x00000c60       0x28 f:/iti_tools/01- embedded systems avr tools/01- imt sdk/imt_sdk_win_64/winarm/armgcc/bin/../lib/gcc/arm-none-eabi/7.2.1/../../../../arm-none-eabi/lib/thumb/v7e-m\libg_nano.a(lib_a-memmove.o)
 .debug_frame   0x00000c88       0x38 f:/iti_tools/01- embedded systems avr tools/01- imt sdk/imt_sdk_win_64/winarm/armgcc/bin/../lib/gcc/arm-none-eabi/7.2.1/../../../../arm-none-eabi/lib/thumb/v7e-m\libg_nano.a(lib_a-nano-freer.o)
 .debug_frame   0x00000cc0       0x2c f:/iti_tools/01- embedded systems avr tools/01- imt sdk/imt_sdk_win_64/winarm/armgcc/bin/../lib/gcc/arm-none-eabi/7.2.1/../../../../arm-none-eabi/lib/thumb/v7e-m\libg_nano.a(lib_a-nano-mallocr.o)
 .debug_frame   0x00000cec       0x3c f:/iti_tools/01- embedded systems avr tools/01- imt sdk/imt_sdk_win_64/winarm/armgcc/bin/../lib/gcc/arm-none-eabi/7.2.1/../../../../arm-none-eabi/lib/thumb/v7e-m\libg_nano.a(lib_a-nano-reallocr.o)
 .debug_frame   0x00000d28       0x2c f:/iti_tools/01- embedded systems avr tools/01- imt sdk/imt_sdk_win_64/winarm/armgcc/bin/../lib/gcc/arm-none-eabi/7.2.1/../../../../arm-none-eabi/lib/thumb/v7e-m\libg_nano.a(lib_a-sbrkr.o)
 .debug_frame   0x00000d54       0x30 f:/iti_tools/01- embedded systems avr tools/01- imt sdk/imt_sdk_win_64/winarm/armgcc/bin/../lib/gcc/arm-none-eabi/7.2.1/../../../../arm-none-eabi/lib/thumb/v7e-m\libg_nano.a(lib_a-mlock.o)
 .debug_frame   0x00000d84       0x20 f:/iti_tools/01- embedded systems avr tools/01- imt sdk/imt_sdk_win_64/winarm/armgcc/bin/../lib/gcc/arm-none-eabi/7.2.1/../../../../arm-none-eabi/lib/thumb/v7e-m\libg_nano.a(lib_a-nano-msizer.o)

.debug_str      0x00000000    0x738a2
 *(.debug_str)
 .debug_str     0x00000000    0x6fc3c ./system/src/stm32f4-hal/stm32f4xx_hal.o
                              0x70079 (size before relaxing)
 .debug_str     0x0006fc3c      0x39d ./system/src/stm32f4-hal/stm32f4xx_hal_cortex.o
                              0x6fee3 (size before relaxing)
 .debug_str     0x0006ffd9      0x2dd ./system/src/stm32f4-hal/stm32f4xx_hal_gpio.o
                              0x6fa6d (size before relaxing)
 .debug_str     0x000702b6      0x393 ./system/src/stm32f4-hal/stm32f4xx_hal_rcc.o
                              0x6fbfb (size before relaxing)
 .debug_str     0x00070649     0x10ff ./system/src/newlib/_exit.o
                               0x7eda (size before relaxing)
 .debug_str     0x00071748      0x4f5 ./system/src/newlib/_sbrk.o
                               0x728c (size before relaxing)
 .debug_str     0x00071c3d      0x2c6 ./system/src/newlib/_startup.o
                               0x6a2d (size before relaxing)
 .debug_str     0x00071f03      0xe8b ./system/src/newlib/_syscalls.o
                               0x8167 (size before relaxing)
 .debug_str     0x00072d8e       0xd0 ./system/src/newlib/assert.o
                               0x89df (size before relaxing)
 .debug_str     0x00072e5e      0x176 ./system/src/diag/Trace.o
                               0x8652 (size before relaxing)
 .debug_str     0x00072fd4      0x37b ./system/src/diag/trace_impl.o
                              0x70978 (size before relaxing)
 .debug_str     0x0007334f       0x5e ./system/src/cortexm/_initialize_hardware.o
                              0x6f70a (size before relaxing)
 .debug_str     0x000733ad      0x19d ./system/src/cortexm/exception_handlers.o
                              0x70b02 (size before relaxing)
 .debug_str     0x0007354a       0x46 ./system/src/cmsis/system_stm32f4xx.o
                              0x6f7eb (size before relaxing)
 .debug_str     0x00073590       0x59 ./system/src/cmsis/vectors_stm32f401xc.o
                               0x386a (size before relaxing)
 .debug_str     0x000735e9      0x12f ./src/BlinkLed.o
                              0x6f8d1 (size before relaxing)
 .debug_str     0x00073718       0x76 ./src/Timer.o
                              0x6fb92 (size before relaxing)
 .debug_str     0x0007378e       0x3d ./src/_initialize_hardware.o
                              0x6f90d (size before relaxing)
 .debug_str     0x000737cb       0x9a ./src/main.o
                              0x70968 (size before relaxing)
 .debug_str     0x00073865       0x3d ./src/stm32f4xx_hal_msp.o
                              0x6f652 (size before relaxing)

.debug_loc      0x00000000     0x1e0d
 *(.debug_loc)
 .debug_loc     0x00000000       0x92 ./system/src/stm32f4-hal/stm32f4xx_hal.o
 .debug_loc     0x00000092      0x73b ./system/src/stm32f4-hal/stm32f4xx_hal_cortex.o
 .debug_loc     0x000007cd      0x5af ./system/src/stm32f4-hal/stm32f4xx_hal_gpio.o
 .debug_loc     0x00000d7c      0x50a ./system/src/stm32f4-hal/stm32f4xx_hal_rcc.o
 .debug_loc     0x00001286       0x85 ./system/src/newlib/_sbrk.o
 .debug_loc     0x0000130b      0x2cb ./system/src/newlib/_startup.o
 .debug_loc     0x000015d6       0x63 ./system/src/newlib/_syscalls.o
 .debug_loc     0x00001639      0x134 ./system/src/newlib/assert.o
 .debug_loc     0x0000176d       0xf6 ./system/src/diag/Trace.o
 .debug_loc     0x00001863      0x121 ./system/src/diag/trace_impl.o
 .debug_loc     0x00001984      0x291 ./system/src/cortexm/exception_handlers.o
 .debug_loc     0x00001c15      0x13e ./system/src/cmsis/system_stm32f4xx.o
 .debug_loc     0x00001d53       0x59 ./src/Timer.o
 .debug_loc     0x00001dac       0x61 ./src/main.o

.debug_macinfo
 *(.debug_macinfo)

.debug_weaknames
 *(.debug_weaknames)

.debug_funcnames
 *(.debug_funcnames)

.debug_typenames
 *(.debug_typenames)

.debug_varnames
 *(.debug_varnames)
OUTPUT(Hello_ARM.elf elf32-littlearm)

.debug_ranges   0x00000000      0x508
 .debug_ranges  0x00000000       0xb0 ./system/src/stm32f4-hal/stm32f4xx_hal.o
 .debug_ranges  0x000000b0       0xe8 ./system/src/stm32f4-hal/stm32f4xx_hal_cortex.o
 .debug_ranges  0x00000198       0x48 ./system/src/stm32f4-hal/stm32f4xx_hal_gpio.o
 .debug_ranges  0x000001e0       0x78 ./system/src/stm32f4-hal/stm32f4xx_hal_rcc.o
 .debug_ranges  0x00000258       0x18 ./system/src/newlib/_exit.o
 .debug_ranges  0x00000270       0x10 ./system/src/newlib/_sbrk.o
 .debug_ranges  0x00000280       0x90 ./system/src/newlib/_startup.o
 .debug_ranges  0x00000310       0x20 ./system/src/newlib/_syscalls.o
 .debug_ranges  0x00000330       0x18 ./system/src/newlib/assert.o
 .debug_ranges  0x00000348       0x28 ./system/src/diag/Trace.o
 .debug_ranges  0x00000370       0x50 ./system/src/diag/trace_impl.o
 .debug_ranges  0x000003c0       0x18 ./system/src/cortexm/_initialize_hardware.o
 .debug_ranges  0x000003d8       0x80 ./system/src/cortexm/exception_handlers.o
 .debug_ranges  0x00000458       0x18 ./system/src/cmsis/system_stm32f4xx.o
 .debug_ranges  0x00000470       0x10 ./system/src/cmsis/vectors_stm32f401xc.o
 .debug_ranges  0x00000480       0x10 ./src/BlinkLed.o
 .debug_ranges  0x00000490       0x28 ./src/Timer.o
 .debug_ranges  0x000004b8       0x18 ./src/_initialize_hardware.o
 .debug_ranges  0x000004d0       0x10 ./src/main.o
 .debug_ranges  0x000004e0       0x28 ./src/stm32f4xx_hal_msp.o

.debug_macro    0x00000000    0x1635f
 .debug_macro   0x00000000      0x532 ./system/src/stm32f4-hal/stm32f4xx_hal.o
 .debug_macro   0x00000532      0xa6c ./system/src/stm32f4-hal/stm32f4xx_hal.o
 .debug_macro   0x00000f9e      0x289 ./system/src/stm32f4-hal/stm32f4xx_hal.o
 .debug_macro   0x00001227       0x31 ./system/src/stm32f4-hal/stm32f4xx_hal.o
 .debug_macro   0x00001258       0x28 ./system/src/stm32f4-hal/stm32f4xx_hal.o
 .debug_macro   0x00001280      0x34e ./system/src/stm32f4-hal/stm32f4xx_hal.o
 .debug_macro   0x000015ce       0x35 ./system/src/stm32f4-hal/stm32f4xx_hal.o
 .debug_macro   0x00001603       0x50 ./system/src/stm32f4-hal/stm32f4xx_hal.o
 .debug_macro   0x00001653      0xe66 ./system/src/stm32f4-hal/stm32f4xx_hal.o
 .debug_macro   0x000024b9     0x5099 ./system/src/stm32f4-hal/stm32f4xx_hal.o
 .debug_macro   0x00007552       0x43 ./system/src/stm32f4-hal/stm32f4xx_hal.o
 .debug_macro   0x00007595     0x347f ./system/src/stm32f4-hal/stm32f4xx_hal.o
 .debug_macro   0x0000aa14       0x22 ./system/src/stm32f4-hal/stm32f4xx_hal.o
 .debug_macro   0x0000aa36       0x52 ./system/src/stm32f4-hal/stm32f4xx_hal.o
 .debug_macro   0x0000aa88       0x17 ./system/src/stm32f4-hal/stm32f4xx_hal.o
 .debug_macro   0x0000aa9f       0x8d ./system/src/stm32f4-hal/stm32f4xx_hal.o
 .debug_macro   0x0000ab2c       0x35 ./system/src/stm32f4-hal/stm32f4xx_hal.o
 .debug_macro   0x0000ab61       0x9c ./system/src/stm32f4-hal/stm32f4xx_hal.o
 .debug_macro   0x0000abfd       0x16 ./system/src/stm32f4-hal/stm32f4xx_hal.o
 .debug_macro   0x0000ac13       0x57 ./system/src/stm32f4-hal/stm32f4xx_hal.o
 .debug_macro   0x0000ac6a       0x97 ./system/src/stm32f4-hal/stm32f4xx_hal.o
 .debug_macro   0x0000ad01      0x330 ./system/src/stm32f4-hal/stm32f4xx_hal.o
 .debug_macro   0x0000b031       0xfd ./system/src/stm32f4-hal/stm32f4xx_hal.o
 .debug_macro   0x0000b12e       0x10 ./system/src/stm32f4-hal/stm32f4xx_hal.o
 .debug_macro   0x0000b13e       0x58 ./system/src/stm32f4-hal/stm32f4xx_hal.o
 .debug_macro   0x0000b196       0x1f ./system/src/stm32f4-hal/stm32f4xx_hal.o
 .debug_macro   0x0000b1b5       0x43 ./system/src/stm32f4-hal/stm32f4xx_hal.o
 .debug_macro   0x0000b1f8       0x20 ./system/src/stm32f4-hal/stm32f4xx_hal.o
 .debug_macro   0x0000b218      0x18e ./system/src/stm32f4-hal/stm32f4xx_hal.o
 .debug_macro   0x0000b3a6       0x10 ./system/src/stm32f4-hal/stm32f4xx_hal.o
 .debug_macro   0x0000b3b6       0x6a ./system/src/stm32f4-hal/stm32f4xx_hal.o
 .debug_macro   0x0000b420       0x1c ./system/src/stm32f4-hal/stm32f4xx_hal.o
 .debug_macro   0x0000b43c       0x52 ./system/src/stm32f4-hal/stm32f4xx_hal.o
 .debug_macro   0x0000b48e       0x40 ./system/src/stm32f4-hal/stm32f4xx_hal.o
 .debug_macro   0x0000b4ce       0x10 ./system/src/stm32f4-hal/stm32f4xx_hal.o
 .debug_macro   0x0000b4de       0x40 ./system/src/stm32f4-hal/stm32f4xx_hal.o
 .debug_macro   0x0000b51e       0xd7 ./system/src/stm32f4-hal/stm32f4xx_hal.o
 .debug_macro   0x0000b5f5       0x1c ./system/src/stm32f4-hal/stm32f4xx_hal.o
 .debug_macro   0x0000b611       0x3d ./system/src/stm32f4-hal/stm32f4xx_hal.o
 .debug_macro   0x0000b64e       0x16 ./system/src/stm32f4-hal/stm32f4xx_hal.o
 .debug_macro   0x0000b664      0x16f ./system/src/stm32f4-hal/stm32f4xx_hal.o
 .debug_macro   0x0000b7d3       0x57 ./system/src/stm32f4-hal/stm32f4xx_hal.o
 .debug_macro   0x0000b82a      0x424 ./system/src/stm32f4-hal/stm32f4xx_hal.o
 .debug_macro   0x0000bc4e      0x9e1 ./system/src/stm32f4-hal/stm32f4xx_hal.o
 .debug_macro   0x0000c62f      0x11e ./system/src/stm32f4-hal/stm32f4xx_hal.o
 .debug_macro   0x0000c74d       0xf8 ./system/src/stm32f4-hal/stm32f4xx_hal.o
 .debug_macro   0x0000c845       0x27 ./system/src/stm32f4-hal/stm32f4xx_hal.o
 .debug_macro   0x0000c86c      0x287 ./system/src/stm32f4-hal/stm32f4xx_hal.o
 .debug_macro   0x0000caf3       0x5f ./system/src/stm32f4-hal/stm32f4xx_hal.o
 .debug_macro   0x0000cb52      0x23a ./system/src/stm32f4-hal/stm32f4xx_hal.o
 .debug_macro   0x0000cd8c      0x391 ./system/src/stm32f4-hal/stm32f4xx_hal.o
 .debug_macro   0x0000d11d      0x16f ./system/src/stm32f4-hal/stm32f4xx_hal.o
 .debug_macro   0x0000d28c       0xf9 ./system/src/stm32f4-hal/stm32f4xx_hal.o
 .debug_macro   0x0000d385       0x23 ./system/src/stm32f4-hal/stm32f4xx_hal.o
 .debug_macro   0x0000d3a8      0x13a ./system/src/stm32f4-hal/stm32f4xx_hal.o
 .debug_macro   0x0000d4e2      0x23a ./system/src/stm32f4-hal/stm32f4xx_hal.o
 .debug_macro   0x0000d71c       0x2e ./system/src/stm32f4-hal/stm32f4xx_hal.o
 .debug_macro   0x0000d74a      0x1a7 ./system/src/stm32f4-hal/stm32f4xx_hal.o
 .debug_macro   0x0000d8f1       0x22 ./system/src/stm32f4-hal/stm32f4xx_hal.o
 .debug_macro   0x0000d913       0xa5 ./system/src/stm32f4-hal/stm32f4xx_hal.o
 .debug_macro   0x0000d9b8      0x18b ./system/src/stm32f4-hal/stm32f4xx_hal.o
 .debug_macro   0x0000db43       0x24 ./system/src/stm32f4-hal/stm32f4xx_hal.o
 .debug_macro   0x0000db67       0x35 ./system/src/stm32f4-hal/stm32f4xx_hal.o
 .debug_macro   0x0000db9c       0x79 ./system/src/stm32f4-hal/stm32f4xx_hal.o
 .debug_macro   0x0000dc15      0x11e ./system/src/stm32f4-hal/stm32f4xx_hal.o
 .debug_macro   0x0000dd33       0x85 ./system/src/stm32f4-hal/stm32f4xx_hal.o
 .debug_macro   0x0000ddb8       0x89 ./system/src/stm32f4-hal/stm32f4xx_hal.o
 .debug_macro   0x0000de41      0x31a ./system/src/stm32f4-hal/stm32f4xx_hal.o
 .debug_macro   0x0000e15b      0x409 ./system/src/stm32f4-hal/stm32f4xx_hal.o
 .debug_macro   0x0000e564       0xe4 ./system/src/stm32f4-hal/stm32f4xx_hal.o
 .debug_macro   0x0000e648      0x48d ./system/src/stm32f4-hal/stm32f4xx_hal.o
 .debug_macro   0x0000ead5      0x22b ./system/src/stm32f4-hal/stm32f4xx_hal.o
 .debug_macro   0x0000ed00      0x202 ./system/src/stm32f4-hal/stm32f4xx_hal.o
 .debug_macro   0x0000ef02      0x6d9 ./system/src/stm32f4-hal/stm32f4xx_hal.o
 .debug_macro   0x0000f5db       0x5b ./system/src/stm32f4-hal/stm32f4xx_hal.o
 .debug_macro   0x0000f636      0x14d ./system/src/stm32f4-hal/stm32f4xx_hal.o
 .debug_macro   0x0000f783      0x287 ./system/src/stm32f4-hal/stm32f4xx_hal.o
 .debug_macro   0x0000fa0a      0x225 ./system/src/stm32f4-hal/stm32f4xx_hal.o
 .debug_macro   0x0000fc2f      0x1b5 ./system/src/stm32f4-hal/stm32f4xx_hal.o
 .debug_macro   0x0000fde4      0x2db ./system/src/stm32f4-hal/stm32f4xx_hal.o
 .debug_macro   0x000100bf       0x89 ./system/src/stm32f4-hal/stm32f4xx_hal.o
 .debug_macro   0x00010148      0x1df ./system/src/stm32f4-hal/stm32f4xx_hal.o
 .debug_macro   0x00010327      0x115 ./system/src/stm32f4-hal/stm32f4xx_hal.o
 .debug_macro   0x0001043c       0x6e ./system/src/stm32f4-hal/stm32f4xx_hal.o
 .debug_macro   0x000104aa      0x11e ./system/src/stm32f4-hal/stm32f4xx_hal.o
 .debug_macro   0x000105c8      0x4e4 ./system/src/stm32f4-hal/stm32f4xx_hal_cortex.o
 .debug_macro   0x00010aac      0x51c ./system/src/stm32f4-hal/stm32f4xx_hal_gpio.o
 .debug_macro   0x00010fc8      0x50e ./system/src/stm32f4-hal/stm32f4xx_hal_rcc.o
 .debug_macro   0x000114d6      0x1b4 ./system/src/newlib/_exit.o
 .debug_macro   0x0001168a      0x10e ./system/src/newlib/_exit.o
 .debug_macro   0x00011798       0x8d ./system/src/newlib/_exit.o
 .debug_macro   0x00011825       0x35 ./system/src/newlib/_exit.o
 .debug_macro   0x0001185a      0x169 ./system/src/newlib/_sbrk.o
 .debug_macro   0x000119c3      0x174 ./system/src/newlib/_sbrk.o
 .debug_macro   0x00011b37       0x10 ./system/src/newlib/_sbrk.o
 .debug_macro   0x00011b47      0x23b ./system/src/newlib/_sbrk.o
 .debug_macro   0x00011d82      0x173 ./system/src/newlib/_startup.o
 .debug_macro   0x00011ef5      0xa72 ./system/src/newlib/_startup.o
 .debug_macro   0x00012967      0x217 ./system/src/newlib/_syscalls.o
 .debug_macro   0x00012b7e       0x1c ./system/src/newlib/_syscalls.o
 .debug_macro   0x00012b9a       0x10 ./system/src/newlib/_syscalls.o
 .debug_macro   0x00012baa       0x10 ./system/src/newlib/_syscalls.o
 .debug_macro   0x00012bba       0x10 ./system/src/newlib/_syscalls.o
 .debug_macro   0x00012bca       0x35 ./system/src/newlib/_syscalls.o
 .debug_macro   0x00012bff      0x122 ./system/src/newlib/_syscalls.o
 .debug_macro   0x00012d21       0x88 ./system/src/newlib/_syscalls.o
 .debug_macro   0x00012da9       0x2b ./system/src/newlib/_syscalls.o
 .debug_macro   0x00012dd4      0x118 ./system/src/newlib/_syscalls.o
 .debug_macro   0x00012eec      0x189 ./system/src/newlib/_syscalls.o
 .debug_macro   0x00013075       0x16 ./system/src/newlib/_syscalls.o
 .debug_macro   0x0001308b      0x1d0 ./system/src/newlib/assert.o
 .debug_macro   0x0001325b       0x1c ./system/src/newlib/assert.o
 .debug_macro   0x00013277      0x1fb ./system/src/diag/Trace.o
 .debug_macro   0x00013472       0x4c ./system/src/diag/Trace.o
 .debug_macro   0x000134be       0x16 ./system/src/diag/Trace.o
 .debug_macro   0x000134d4      0x52a ./system/src/diag/trace_impl.o
 .debug_macro   0x000139fe       0x22 ./system/src/diag/trace_impl.o
 .debug_macro   0x00013a20      0x4ee ./system/src/cortexm/_initialize_hardware.o
 .debug_macro   0x00013f0e      0x557 ./system/src/cortexm/exception_handlers.o
 .debug_macro   0x00014465       0x3b ./system/src/cortexm/exception_handlers.o
 .debug_macro   0x000144a0      0x4ea ./system/src/cmsis/system_stm32f4xx.o
 .debug_macro   0x0001498a       0x34 ./system/src/cmsis/vectors_stm32f401xc.o
 .debug_macro   0x000149be      0x4f3 ./src/BlinkLed.o
 .debug_macro   0x00014eb1       0x28 ./src/BlinkLed.o
 .debug_macro   0x00014ed9      0x507 ./src/Timer.o
 .debug_macro   0x000153e0       0x10 ./src/Timer.o
 .debug_macro   0x000153f0      0x4eb ./src/_initialize_hardware.o
 .debug_macro   0x000158db      0x572 ./src/main.o
 .debug_macro   0x00015e4d       0x2e ./src/main.o
 .debug_macro   0x00015e7b      0x4e4 ./src/stm32f4xx_hal_msp.o
